2026-09-12 session-start scan: files=0 parsed=0
2026-09-12 session-start scan: files=0 parsed=0
2026-09-12 session-start scan: files=1 parsed=1
2026-09-12 session-start scan: files=1 parsed=1
2026-09-12 checkpoint (items 1-9 complete): no observations
2026-09-12 session-start scan: files=1 parsed=1
2026-09-12 session-start scan: files=1 parsed=1
2026-09-12 checkpoint (responsive and content fitting refactor complete): no observations
2026-09-13 session-start scan: files=3 parsed=3
2026-09-13 session-start scan: files=3 parsed=3
2026-09-13 checkpoint: verified layout, marquees, email, hero and pavilion fixes
2026-09-13 session-start scan: files=3 parsed=3
2026-09-13 checkpoint: verified full-bleed viewport-width marquees across all screen sizes
2026-09-13 session-start scan: files=3 parsed=3
2026-09-13 session-start scan: files=3 parsed=3
2026-09-13 checkpoint: resolved scroll sticking and cursor lock over videos via lightbox modal and event isolation
2026-09-13 checkpoint: integrated user-uploaded Lord's Cricket Ground hero background with responsive image optimization and subtle atmospheric breathe motion
2026-09-13 checkpoint: increased Lord's stadium background visibility by 30% and enhanced text-shadow contrast
2026-09-13 checkpoint: updated hero background to daytime sunny Lord's Cricket Ground with balanced overlay contrast
2026-09-13 checkpoint: resolved localhost cache issue with unique sunny asset name, restarted dev server, and added missing 512K views to DcOV2DtBXIL reel
2026-09-13 session-start scan: files=3 parsed=3
